// Jest Snapshot v1, https://goo.gl/fbAQLP

exports[`it renders 1`] = `
<div
  className="m-tnm-sidebar"
>
  <div
    className="m-tnm-sidebar__route"
  >
    <div
      className="h3 m-tnm-sidebar__route-name u-bg--bus"
    >
      <span
        className="bus-route-sign"
      >
        11
      </span>
    </div>
    <div
      className="m-tnm-sidebar__stop"
    >
      <div
        className="m-tnm-sidebar__stop-info"
      >
        <div
          className="m-tnm-sidebar__stop-name"
        >
          Washington St @ Essex St
        </div>
        <div
          className="m-tnm-sidebar__stop-distance"
        >
          0.2 mi
        </div>
      </div>
      <div>
        <div
          className="m-tnm-sidebar__direction"
        >
          <div
            className="m-tnm-sidebar__direction-name"
          >
            Inbound
          </div>
          <div
            className="m-tnm-sidebar__direction-destination"
          >
            Downtown Boston
          </div>
        </div>
        <div
          className="m-tnm-sidebar__headsign-schedule"
        >
          <div
            className="m-tnm-sidebar__headsign"
          >
            <div
              className="m-tnm-sidebar__headsign-name"
            >
              Downtown
            </div>
          </div>
          <div
            className="m-tnm-sidebar__schedules"
          >
            <div
              className="m-tnm-sidebar__schedule"
            >
              <div
                className="m-tnm-sidebar__prediction"
              >
                <div
                  className="m-tnm-sidebar__prediction-number"
                >
                  &lt; 1
                </div>
                <div
                  className="m-tnm-sidebar__prediction-mins"
                >
                  min
                </div>
              </div>
            </div>
            <div
              className="m-tnm-sidebar__schedule"
            >
              <div
                className="m-tnm-sidebar__prediction"
              >
                <div
                  className="m-tnm-sidebar__prediction-number"
                >
                  &lt; 1
                </div>
                <div
                  className="m-tnm-sidebar__prediction-mins"
                >
                  min
                </div>
              </div>
            </div>
          </div>
        </div>
      </div>
    </div>
    <div
      className="m-tnm-sidebar__stop"
    >
      <div
        className="m-tnm-sidebar__stop-info"
      >
        <div
          className="m-tnm-sidebar__stop-name"
        >
          Tufts Medical Center
        </div>
        <div
          className="m-tnm-sidebar__stop-distance"
        >
          0.1 mi
        </div>
      </div>
      <div>
        <div
          className="m-tnm-sidebar__direction"
        >
          <div
            className="m-tnm-sidebar__direction-name"
          >
            Inbound
          </div>
          <div
            className="m-tnm-sidebar__direction-destination"
          >
            Downtown Boston
          </div>
        </div>
        <div
          className="m-tnm-sidebar__headsign-schedule"
        >
          <div
            className="m-tnm-sidebar__headsign"
          >
            <div
              className="m-tnm-sidebar__headsign-name"
            >
              Downtown
            </div>
          </div>
          <div
            className="m-tnm-sidebar__schedules"
          >
            <div
              className="m-tnm-sidebar__schedule"
            >
              <div
                className="m-tnm-sidebar__prediction"
              >
                <div
                  className="m-tnm-sidebar__prediction-number"
                >
                  &lt; 1
                </div>
                <div
                  className="m-tnm-sidebar__prediction-mins"
                >
                  min
                </div>
              </div>
            </div>
            <div
              className="m-tnm-sidebar__schedule"
            >
              <div
                className="m-tnm-sidebar__prediction"
              >
                <div
                  className="m-tnm-sidebar__prediction-number"
                >
                  &lt; 1
                </div>
                <div
                  className="m-tnm-sidebar__prediction-mins"
                >
                  min
                </div>
              </div>
            </div>
          </div>
        </div>
      </div>
    </div>
  </div>
  <div
    className="m-tnm-sidebar__route"
  >
    <div
      className="h3 m-tnm-sidebar__route-name u-bg--bus"
    >
      <span
        className="bus-route-sign"
      >
        15
      </span>
    </div>
    <div
      className="m-tnm-sidebar__stop"
    >
      <div
        className="m-tnm-sidebar__stop-info"
      >
        <div
          className="m-tnm-sidebar__stop-name"
        >
          Washington St @ Essex St
        </div>
        <div
          className="m-tnm-sidebar__stop-distance"
        >
          0.2 mi
        </div>
      </div>
      <div>
        <div
          className="m-tnm-sidebar__direction"
        >
          <div
            className="m-tnm-sidebar__direction-name"
          >
            Inbound
          </div>
          <div
            className="m-tnm-sidebar__direction-destination"
          >
            Ruggles
          </div>
        </div>
        <div
          className="m-tnm-sidebar__headsign-schedule"
        >
          <div
            className="m-tnm-sidebar__headsign"
          >
            <div
              className="m-tnm-sidebar__headsign-name"
            >
              Haymarket
            </div>
            <div
              className="m-tnm-sidebar__via"
            >
              via 
              Dudley & Fields Corner
            </div>
          </div>
          <div
            className="m-tnm-sidebar__schedules"
          >
            <div
              className="m-tnm-sidebar__schedule"
            >
              1:53 AM
            </div>
          </div>
        </div>
      </div>
    </div>
    <div
      className="m-tnm-sidebar__stop"
    >
      <div
        className="m-tnm-sidebar__stop-info"
      >
        <div
          className="m-tnm-sidebar__stop-name"
        >
          Tremont St @ Boylston Station
        </div>
        <div
          className="m-tnm-sidebar__stop-distance"
        >
          0.2 mi
        </div>
      </div>
      <div>
        <div
          className="m-tnm-sidebar__direction"
        >
          <div
            className="m-tnm-sidebar__direction-name"
          >
            Outbound
          </div>
          <div
            className="m-tnm-sidebar__direction-destination"
          >
            Kane Square
          </div>
        </div>
        <div
          className="m-tnm-sidebar__headsign-schedule"
        >
          <div
            className="m-tnm-sidebar__headsign"
          >
            <div
              className="m-tnm-sidebar__headsign-name"
            >
              Mattapan
            </div>
            <div
              className="m-tnm-sidebar__via"
            >
              via 
              Dudley & Fields Corner
            </div>
          </div>
          <div
            className="m-tnm-sidebar__schedules"
          >
            <div
              className="m-tnm-sidebar__schedule"
            >
              2:05 AM
            </div>
          </div>
        </div>
      </div>
    </div>
    <div
      className="m-tnm-sidebar__stop"
    >
      <div
        className="m-tnm-sidebar__stop-info"
      >
        <div
          className="m-tnm-sidebar__stop-name"
        >
          Tufts Medical Center
        </div>
        <div
          className="m-tnm-sidebar__stop-distance"
        >
          0.1 mi
        </div>
      </div>
      <div>
        <div
          className="m-tnm-sidebar__direction"
        >
          <div
            className="m-tnm-sidebar__direction-name"
          >
            Outbound
          </div>
          <div
            className="m-tnm-sidebar__direction-destination"
          >
            Kane Square
          </div>
        </div>
        <div
          className="m-tnm-sidebar__headsign-schedule"
        >
          <div
            className="m-tnm-sidebar__headsign"
          >
            <div
              className="m-tnm-sidebar__headsign-name"
            >
              Mattapan
            </div>
            <div
              className="m-tnm-sidebar__via"
            >
              via 
              Dudley & Fields Corner
            </div>
          </div>
          <div
            className="m-tnm-sidebar__schedules"
          >
            <div
              className="m-tnm-sidebar__schedule"
            >
              2:07 AM
            </div>
          </div>
        </div>
      </div>
      <div>
        <div
          className="m-tnm-sidebar__direction"
        >
          <div
            className="m-tnm-sidebar__direction-name"
          >
            Inbound
          </div>
          <div
            className="m-tnm-sidebar__direction-destination"
          >
            Ruggles
          </div>
        </div>
        <div
          className="m-tnm-sidebar__headsign-schedule"
        >
          <div
            className="m-tnm-sidebar__headsign"
          >
            <div
              className="m-tnm-sidebar__headsign-name"
            >
              Haymarket
            </div>
            <div
              className="m-tnm-sidebar__via"
            >
              via 
              Dudley & Fields Corner
            </div>
          </div>
          <div
            className="m-tnm-sidebar__schedules"
          >
            <div
              className="m-tnm-sidebar__schedule"
            >
              1:52 AM
            </div>
          </div>
        </div>
      </div>
    </div>
  </div>
  <div
    className="m-tnm-sidebar__route"
  >
    <div
      className="h3 m-tnm-sidebar__route-name u-bg--bus"
    >
      <span
        className="bus-route-sign"
      >
        43
      </span>
    </div>
    <div
      className="m-tnm-sidebar__stop"
    >
      <div
        className="m-tnm-sidebar__stop-info"
      >
        <div
          className="m-tnm-sidebar__stop-name"
        >
          Charles St S @ Park Plaza
        </div>
        <div
          className="m-tnm-sidebar__stop-distance"
        >
          444 ft
        </div>
      </div>
      <div>
        <div
          className="m-tnm-sidebar__direction"
        >
          <div
            className="m-tnm-sidebar__direction-name"
          >
            Inbound
          </div>
          <div
            className="m-tnm-sidebar__direction-destination"
          >
            Downtown Boston
          </div>
        </div>
        <div
          className="m-tnm-sidebar__headsign-schedule"
        >
          <div
            className="m-tnm-sidebar__headsign"
          >
            <div
              className="m-tnm-sidebar__headsign-name"
            >
              Park St & Tremont St
            </div>
          </div>
          <div
            className="m-tnm-sidebar__schedules"
          >
            <div
              className="m-tnm-sidebar__schedule"
            >
              <div
                className="m-tnm-sidebar__prediction"
              >
                <div
                  className="m-tnm-sidebar__prediction-number"
                >
                  &lt; 1
                </div>
                <div
                  className="m-tnm-sidebar__prediction-mins"
                >
                  min
                </div>
              </div>
            </div>
            <div
              className="m-tnm-sidebar__schedule"
            >
              <div
                className="m-tnm-sidebar__prediction"
              >
                <div
                  className="m-tnm-sidebar__prediction-number"
                >
                  23
                </div>
                <div
                  className="m-tnm-sidebar__prediction-mins"
                >
                  mins
                </div>
              </div>
            </div>
          </div>
        </div>
      </div>
    </div>
    <div
      className="m-tnm-sidebar__stop"
    >
      <div
        className="m-tnm-sidebar__stop-info"
      >
        <div
          className="m-tnm-sidebar__stop-name"
        >
          Tremont St @ Charles St S
        </div>
        <div
          className="m-tnm-sidebar__stop-distance"
        >
          0.2 mi
        </div>
      </div>
      <div>
        <div
          className="m-tnm-sidebar__direction"
        >
          <div
            className="m-tnm-sidebar__direction-name"
          >
            Outbound
          </div>
          <div
            className="m-tnm-sidebar__direction-destination"
          >
            Ruggles
          </div>
        </div>
        <div
          className="m-tnm-sidebar__headsign-schedule"
        >
          <div
            className="m-tnm-sidebar__headsign"
          >
            <div
              className="m-tnm-sidebar__headsign-name"
            >
              Ruggles
            </div>
          </div>
          <div
            className="m-tnm-sidebar__schedules"
          >
            <div
              className="m-tnm-sidebar__schedule"
            >
              <div
                className="m-tnm-sidebar__prediction"
              >
                <div
                  className="m-tnm-sidebar__prediction-number"
                >
                  18
                </div>
                <div
                  className="m-tnm-sidebar__prediction-mins"
                >
                  mins
                </div>
              </div>
            </div>
            <div
              className="m-tnm-sidebar__schedule"
            >
              <div
                className="m-tnm-sidebar__prediction"
              >
                <div
                  className="m-tnm-sidebar__prediction-number"
                >
                  43
                </div>
                <div
                  className="m-tnm-sidebar__prediction-mins"
                >
                  mins
                </div>
              </div>
            </div>
          </div>
        </div>
      </div>
    </div>
    <div
      className="m-tnm-sidebar__stop"
    >
      <div
        className="m-tnm-sidebar__stop-info"
      >
        <div
          className="m-tnm-sidebar__stop-name"
        >
          Tremont St @ Boylston Station
        </div>
        <div
          className="m-tnm-sidebar__stop-distance"
        >
          0.2 mi
        </div>
      </div>
      <div>
        <div
          className="m-tnm-sidebar__direction"
        >
          <div
            className="m-tnm-sidebar__direction-name"
          >
            Outbound
          </div>
          <div
            className="m-tnm-sidebar__direction-destination"
          >
            Ruggles
          </div>
        </div>
        <div
          className="m-tnm-sidebar__headsign-schedule"
        >
          <div
            className="m-tnm-sidebar__headsign"
          >
            <div
              className="m-tnm-sidebar__headsign-name"
            >
              Ruggles
            </div>
          </div>
          <div
            className="m-tnm-sidebar__schedules"
          >
            <div
              className="m-tnm-sidebar__schedule"
            >
              <div
                className="m-tnm-sidebar__prediction"
              >
                <div
                  className="m-tnm-sidebar__prediction-number"
                >
                  18
                </div>
                <div
                  className="m-tnm-sidebar__prediction-mins"
                >
                  mins
                </div>
              </div>
            </div>
            <div
              className="m-tnm-sidebar__schedule"
            >
              <div
                className="m-tnm-sidebar__prediction"
              >
                <div
                  className="m-tnm-sidebar__prediction-number"
                >
                  43
                </div>
                <div
                  className="m-tnm-sidebar__prediction-mins"
                >
                  mins
                </div>
              </div>
            </div>
          </div>
        </div>
      </div>
    </div>
    <div
      className="m-tnm-sidebar__stop"
    >
      <div
        className="m-tnm-sidebar__stop-info"
      >
        <div
          className="m-tnm-sidebar__stop-name"
        >
          285 Tremont St
        </div>
        <div
          className="m-tnm-sidebar__stop-distance"
        >
          0.1 mi
        </div>
      </div>
      <div>
        <div
          className="m-tnm-sidebar__direction"
        >
          <div
            className="m-tnm-sidebar__direction-name"
          >
            Outbound
          </div>
          <div
            className="m-tnm-sidebar__direction-destination"
          >
            Ruggles
          </div>
        </div>
        <div
          className="m-tnm-sidebar__headsign-schedule"
        >
          <div
            className="m-tnm-sidebar__headsign"
          >
            <div
              className="m-tnm-sidebar__headsign-name"
            >
              Ruggles
            </div>
          </div>
          <div
            className="m-tnm-sidebar__schedules"
          >
            <div
              className="m-tnm-sidebar__schedule"
            >
              <div
                className="m-tnm-sidebar__prediction"
              >
                <div
                  className="m-tnm-sidebar__prediction-number"
                >
                  18
                </div>
                <div
                  className="m-tnm-sidebar__prediction-mins"
                >
                  mins
                </div>
              </div>
            </div>
            <div
              className="m-tnm-sidebar__schedule"
            >
              <div
                className="m-tnm-sidebar__prediction"
              >
                <div
                  className="m-tnm-sidebar__prediction-number"
                >
                  43
                </div>
                <div
                  className="m-tnm-sidebar__prediction-mins"
                >
                  mins
                </div>
              </div>
            </div>
          </div>
        </div>
      </div>
    </div>
  </div>
</div>
`;

exports[`it returns null when there isn't data 1`] = `null`;
