// Jest Snapshot v1, https://goo.gl/fbAQLP

exports[`it renders 1`] = `
Array [
  <div
    className="breadcrumb-container"
  >
    <div
      className="container"
    >
      <span
        className="focusable-sm-down"
      >
        <a
          href="/"
        >
          Home
        </a>
        <i
          aria-hidden="true"
          className="fa fa-angle-right"
        />
      </span>
      <span>
        <a
          href="/stops/subway"
        >
          Stations
        </a>
        <i
          aria-hidden="true"
          className="fa fa-angle-right"
        />
      </span>
      place-ogmnl
    </div>
  </div>,
  <div
    className="station__header"
  >
    <div
      className="station__header-container"
    >
      <h1
        className="station__name station__name--upcase"
      >
        place-ogmnl
      </h1>
      <div
        className="h6 station__header-features"
      />
      <div
        className="header-tabs"
      />
    </div>
  </div>,
  <div
    className="station__details"
  >
    <div
      className="station__details-container"
    >
      Station Details
    </div>
  </div>,
  <div
    className="station__hero"
  >
    <div
      className="station__hero-map"
    />
    <div
      className="station__hero-photo"
    />
  </div>,
  <div
    className="container"
  >
    <div
      className="page-section"
    >
      <div
        className="row"
      >
        <div
          className="col-lg-8 col-lg-offset-1"
        >
          Main Column
        </div>
        <div
          className="col-lg-3"
        >
          <p>
            Sidebar
          </p>
          <div
            aria-controls="panel-accessibility"
            aria-expanded={false}
            className="c-expandable-block__header"
            id="header-accessibility"
            onClick={[Function]}
            onKeyPress={[Function]}
            role="button"
            tabIndex={0}
          >
            <span
              className="c-expandable-block__header-icon"
              dangerouslySetInnerHTML={
                Object {
                  "__html": "SVG",
                }
              }
            />
            Accessibility
            <span
              className="c-expandable-block__header-caret"
              dangerouslySetInnerHTML={
                Object {
                  "__html": "&#xF106;",
                }
              }
            />
          </div>
        </div>
      </div>
    </div>
  </div>,
]
`;
